F:\Traning\Unittesting\spring-boot-unit-testing-main\spring-boot-unit-testing-main\3.00-starting-project\src\main\java\com\shosha404\springmvc\models\grade\Grade.java
F:\Traning\Unittesting\spring-boot-unit-testing-main\spring-boot-unit-testing-main\3.00-starting-project\src\main\java\com\shosha404\springmvc\models\grade\ScienceGrade.java
F:\Traning\Unittesting\spring-boot-unit-testing-main\spring-boot-unit-testing-main\3.00-starting-project\src\main\java\com\shosha404\springmvc\models\student\Student.java
F:\Traning\Unittesting\spring-boot-unit-testing-main\spring-boot-unit-testing-main\3.00-starting-project\src\main\java\com\shosha404\springmvc\models\gradebook\StudentGrades.java
F:\Traning\Unittesting\spring-boot-unit-testing-main\spring-boot-unit-testing-main\3.00-starting-project\src\main\java\com\shosha404\springmvc\models\gradebook\GradebookCollegeStudent.java
F:\Traning\Unittesting\spring-boot-unit-testing-main\spring-boot-unit-testing-main\3.00-starting-project\src\main\java\com\shosha404\springmvc\models\grade\HistoryGrade.java
F:\Traning\Unittesting\spring-boot-unit-testing-main\spring-boot-unit-testing-main\3.00-starting-project\src\main\java\com\shosha404\springmvc\models\student\CollegeStudent.java
F:\Traning\Unittesting\spring-boot-unit-testing-main\spring-boot-unit-testing-main\3.00-starting-project\src\main\java\com\shosha404\springmvc\models\grade\MathGrade.java
F:\Traning\Unittesting\spring-boot-unit-testing-main\spring-boot-unit-testing-main\3.00-starting-project\src\main\java\com\shosha404\springmvc\models\gradebook\Gradebook.java
F:\Traning\Unittesting\spring-boot-unit-testing-main\spring-boot-unit-testing-main\3.00-starting-project\src\main\java\com\shosha404\springmvc\ServletInitializer.java
F:\Traning\Unittesting\spring-boot-unit-testing-main\spring-boot-unit-testing-main\3.00-starting-project\src\main\java\com\shosha404\springmvc\controller\GradebookController.java
F:\Traning\Unittesting\spring-boot-unit-testing-main\spring-boot-unit-testing-main\3.00-starting-project\src\main\java\com\shosha404\springmvc\MvcTestingExampleApplication.java
